OK
OK
OK
ERR
OK
OK
ERR
ERR
YES
YES
ERR
NO
ERR
OK
ERR
OK