OK
OK
OK
ERR
OK
OK
ERR
ERR
YES
YES
ERR
YES
ERR
OK
ERR
OK