OK
ERR
OK
OK
ERR
ERR
YES
YES
YES
YES
NO
NO
YES
OK
OK